C:\ST\STM32CubeIDE_1.12.0\STM32CubeIDE\plugins\com.st.stm32cube.ide.mcu.externaltools.gnu-tools-for-stm32.11.3.rel1.win32_1.1.0.202305231506\tools\arm-none-eabi\include\c++\11.3.1\arm-none-eabi\thumb\v7-m\nofp\bits\gthr-default.h:229:1:int __gthread_key_delete(__gthread_key_t)	16	static
../Core/Src/main.cpp:62:6:void logua(const char*)	24	static
../Core/Src/main.cpp:75:5:int main()	16	static
../Core/Src/main.cpp:131:6:void HAL_UART_TxCpltCallback(UART_HandleTypeDef*)	16	static
../Core/Src/main.cpp:138:6:void HAL_UART_RxCallback()	8	static
../Core/Src/main.cpp:145:6:void SystemClock_Config()	72	static
../Core/Src/main.cpp:185:6:void Error_Handler()	4	static,ignoring_inline_asm
../Core/Src/main.cpp:192:1:void __static_initialization_and_destruction_0(int, int)	16	static
../Core/Src/main.cpp:192:1:cpp)	8	static
../Core/Src/main.cpp:192:1:cpp)	8	static
