../Core/Src/main.c:68:6:set_cs_flash	0	static
../Core/Src/main.c:72:6:deset_cs_flash	0	static
../Core/Src/main.c:76:6:spi_r	0	static
../Core/Src/main.c:80:6:spi_w	0	static
../Core/Src/main.c:83:6:writeEnable_eflash	16	static
../Core/Src/main.c:89:9:check_eflash_status	16	static
../Core/Src/main.c:98:6:waitforeflash	16	static
../Core/Src/main.c:112:6:read_eflash	24	static
../Core/Src/main.c:122:6:Erase_eflash	16	static
../Core/Src/main.c:130:6:writeDisable_eflash	16	static
../Core/Src/main.c:138:6:write_eflash	272	static
../Core/Src/main.c:155:6:Erase_eflash_sectors	24	static
../Core/Src/main.c:172:9:check_eflash	16	static
../Core/Src/main.c:182:10:erase	32	static
../Core/Src/main.c:192:6:flashPage	24	static
../Core/Src/main.c:201:9:checkUpdateFlags	16	static
../Core/Src/main.c:208:9:EraseUpdateFlags	16	static
../Core/Src/main.c:215:9:Update	288	static
../Core/Src/main.c:250:6:JumpToAddress	16	static,ignoring_inline_asm
../Core/Src/main.c:265:6:Boot	8	static
../Core/Src/main.c:328:6:SystemClock_Config	72	static,ignoring_inline_asm
../Core/Src/main.c:281:5:main	8	static,ignoring_inline_asm
../Core/Src/main.c:368:6:Error_Handler	0	static,ignoring_inline_asm
