C:\ST\STM32CubeIDE_1.12.0\STM32CubeIDE\plugins\com.st.stm32cube.ide.mcu.externaltools.gnu-tools-for-stm32.11.3.rel1.win32_1.1.0.202305231506\tools\bin/../lib/gcc/arm-none-eabi/11.3.1/../../../../arm-none-eabi/include/c++/11.3.1/bits/ios_base.h:1054:3:std::ios_base& std::hex(std::ios_base&)	0	static
../Core/Src/app.cpp:11:6:void cs_sel()	0	static
../Core/Src/app.cpp:15:6:void cs_desel()	0	static
../Core/Src/app.cpp:19:9:uint8_t spi_rb()	16	static
../Core/Src/app.cpp:25:6:void spi_wb(uint8_t)	16	static
C:\ST\STM32CubeIDE_1.12.0\STM32CubeIDE\plugins\com.st.stm32cube.ide.mcu.externaltools.gnu-tools-for-stm32.11.3.rel1.win32_1.1.0.202305231506\tools\bin/../lib/gcc/arm-none-eabi/11.3.1/../../../../arm-none-eabi/include/c++/11.3.1/bits/stl_vector.h:1577:2:void std::vector<_Tp, _Alloc>::_M_range_initialize(_ForwardIterator, _ForwardIterator, std::forward_iterator_tag) [with _ForwardIterator = const unsigned char*; _Tp = unsigned char; _Alloc = std::allocator<unsigned char>]	24	static
C:\ST\STM32CubeIDE_1.12.0\STM32CubeIDE\plugins\com.st.stm32cube.ide.mcu.externaltools.gnu-tools-for-stm32.11.3.rel1.win32_1.1.0.202305231506\tools\bin/../lib/gcc/arm-none-eabi/11.3.1/../../../../arm-none-eabi/include/c++/11.3.1/bits/basic_string.h:1169:7:std::__cxx11::basic_string<_CharT, _Traits, _Alloc>& std::__cxx11::basic_string<_CharT, _Traits, _Alloc>::operator+=(const _CharT*) [with _CharT = char; _Traits = std::char_traits<char>; _Alloc = std::allocator<char>]	0	static
C:\ST\STM32CubeIDE_1.12.0\STM32CubeIDE\plugins\com.st.stm32cube.ide.mcu.externaltools.gnu-tools-for-stm32.11.3.rel1.win32_1.1.0.202305231506\tools\bin/../lib/gcc/arm-none-eabi/11.3.1/../../../../arm-none-eabi/include/c++/11.3.1/bits/basic_string.h:689:7:std::__cxx11::basic_string<_CharT, _Traits, _Alloc>& std::__cxx11::basic_string<_CharT, _Traits, _Alloc>::operator=(const _CharT*) [with _CharT = char; _Traits = std::char_traits<char>; _Alloc = std::allocator<char>]	24	static
C:\ST\STM32CubeIDE_1.12.0\STM32CubeIDE\plugins\com.st.stm32cube.ide.mcu.externaltools.gnu-tools-for-stm32.11.3.rel1.win32_1.1.0.202305231506\tools\bin/../lib/gcc/arm-none-eabi/11.3.1/../../../../arm-none-eabi/include/c++/11.3.1/bits/basic_string.h:565:7:std::__cxx11::basic_string<_CharT, _Traits, _Alloc>::basic_string(std::__cxx11::basic_string<_CharT, _Traits, _Alloc>&&) [with _CharT = char; _Traits = std::char_traits<char>; _Alloc = std::allocator<char>]	16	static
C:\ST\STM32CubeIDE_1.12.0\STM32CubeIDE\plugins\com.st.stm32cube.ide.mcu.externaltools.gnu-tools-for-stm32.11.3.rel1.win32_1.1.0.202305231506\tools\bin/../lib/gcc/arm-none-eabi/11.3.1/../../../../arm-none-eabi/include/c++/11.3.1/bits/basic_string.h:6660:3:std::string std::__cxx11::to_string(int)	24	static
../Core/Src/app.cpp:127:6:void app::serial_int()	0	static
../Core/Src/app.cpp:166:6:void app::loop()	8	static,ignoring_inline_asm
C:\ST\STM32CubeIDE_1.12.0\STM32CubeIDE\plugins\com.st.stm32cube.ide.mcu.externaltools.gnu-tools-for-stm32.11.3.rel1.win32_1.1.0.202305231506\tools\bin/../lib/gcc/arm-none-eabi/11.3.1/../../../../arm-none-eabi/include/c++/11.3.1/bits/basic_string.h:533:7:std::__cxx11::basic_string<_CharT, _Traits, _Alloc>::basic_string(const _CharT*, const _Alloc&) [with <template-parameter-2-1> = std::allocator<char>; _CharT = char; _Traits = std::char_traits<char>; _Alloc = std::allocator<char>]	24	static
../Core/Src/app.cpp:29:9:httpRes callback(std::string&, uservice*)	176	static
C:\ST\STM32CubeIDE_1.12.0\STM32CubeIDE\plugins\com.st.stm32cube.ide.mcu.externaltools.gnu-tools-for-stm32.11.3.rel1.win32_1.1.0.202305231506\tools\bin/../lib/gcc/arm-none-eabi/11.3.1/../../../../arm-none-eabi/include/c++/11.3.1/bits/basic_string.h:6172:5:std::__cxx11::basic_string<_CharT, _Traits, _Allocator> std::operator+(std::__cxx11::basic_string<_CharT, _Traits, _Allocator>&&, std::__cxx11::basic_string<_CharT, _Traits, _Allocator>&&) [with _CharT = char; _Traits = std::char_traits<char>; _Alloc = std::allocator<char>]	16	static
../Core/Src/app.cpp:76:1:app::app(SPI_HandleTypeDef&, SPI_HandleTypeDef&, UART_HandleTypeDef&)	352	static
../Core/Src/app.cpp:117:13:std::string vectorToHexString(const std::vector<unsigned char>&)	232	static
C:\ST\STM32CubeIDE_1.12.0\STM32CubeIDE\plugins\com.st.stm32cube.ide.mcu.externaltools.gnu-tools-for-stm32.11.3.rel1.win32_1.1.0.202305231506\tools\bin/../lib/gcc/arm-none-eabi/11.3.1/../../../../arm-none-eabi/include/c++/11.3.1/bits/stl_vector.h:333:7:std::_Vector_base<_Tp, _Alloc>::~_Vector_base() [with _Tp = unsigned char; _Alloc = std::allocator<unsigned char>]	8	static
../Core/Src/app.cpp:130:6:void app::readMB()	72	static
../Core/Src/app.cpp:145:6:void app::writeMB()	72	static
../Core/Src/app.cpp:161:6:void app::loopModbus()	8	static
../Core/Src/app.cpp:174:1:cpp)	0	static
../Core/Src/app.cpp:174:1:cpp)	0	static
../Core/Src/app.cpp:113:1:app::~app()	8	static
../Core/Src/app.cpp:113:1:virtual app::~app()	8	static
