C:\ST\STM32CubeIDE_1.12.0\STM32CubeIDE\plugins\com.st.stm32cube.ide.mcu.externaltools.gnu-tools-for-stm32.11.3.rel1.win32_1.1.0.202305231506\tools\bin/../lib/gcc/arm-none-eabi/11.3.1/../../../../arm-none-eabi/include/c++/11.3.1/bits/stl_vector.h:343:7:std::_Vector_base<_Tp, _Alloc>::pointer std::_Vector_base<_Tp, _Alloc>::_M_allocate(std::size_t) [with _Tp = unsigned char; _Alloc = std::allocator<unsigned char>]	8	static
../Core/Src/modbus.cpp:10:1:modbus::modbus(unsigned char, tcpsocket*)	12	static
../Core/Src/modbus.cpp:20:6:bool modbus::host(int)	16	static
../Core/Src/modbus.cpp:55:6:bool modbus::disconnectM()	0	static
C:\ST\STM32CubeIDE_1.12.0\STM32CubeIDE\plugins\com.st.stm32cube.ide.mcu.externaltools.gnu-tools-for-stm32.11.3.rel1.win32_1.1.0.202305231506\tools\bin/../lib/gcc/arm-none-eabi/11.3.1/../../../../arm-none-eabi/include/c++/11.3.1/bits/stl_vector.h:333:7:std::_Vector_base<_Tp, _Alloc>::~_Vector_base() [with _Tp = unsigned char; _Alloc = std::allocator<unsigned char>]	8	static
../Core/Src/modbus.cpp:16:1:modbus::~modbus()	8	static
../Core/Src/modbus.cpp:16:1:virtual modbus::~modbus()	8	static
../Core/Src/modbus.cpp:29:6:bool modbus::connect(std::string, int)	272	static
C:\ST\STM32CubeIDE_1.12.0\STM32CubeIDE\plugins\com.st.stm32cube.ide.mcu.externaltools.gnu-tools-for-stm32.11.3.rel1.win32_1.1.0.202305231506\tools\bin/../lib/gcc/arm-none-eabi/11.3.1/../../../../arm-none-eabi/include/c++/11.3.1/bits/stl_vector.h:1756:7:std::vector<_Tp, _Alloc>::size_type std::vector<_Tp, _Alloc>::_M_check_len(std::vector<_Tp, _Alloc>::size_type, const char*) const [with _Tp = unsigned char; _Alloc = std::allocator<unsigned char>]	8	static
C:\ST\STM32CubeIDE_1.12.0\STM32CubeIDE\plugins\com.st.stm32cube.ide.mcu.externaltools.gnu-tools-for-stm32.11.3.rel1.win32_1.1.0.202305231506\tools\bin/../lib/gcc/arm-none-eabi/11.3.1/../../../../arm-none-eabi/include/c++/11.3.1/bits/stl_vector.h:1187:7:void std::vector<_Tp, _Alloc>::push_back(const value_type&) [with _Tp = unsigned char; _Alloc = std::allocator<unsigned char>]	32	static
../Core/Src/modbus.cpp:108:28:std::vector<unsigned char> modbus::getRes()	16	static
../Core/Src/modbus.cpp:99:28:std::vector<unsigned char> modbus::getReq()	8	static
C:\ST\STM32CubeIDE_1.12.0\STM32CubeIDE\plugins\com.st.stm32cube.ide.mcu.externaltools.gnu-tools-for-stm32.11.3.rel1.win32_1.1.0.202305231506\tools\bin/../lib/gcc/arm-none-eabi/11.3.1/../../../../arm-none-eabi/include/c++/11.3.1/bits/vector.tcc:109:7:) [with _Args = {unsigned char}; _Tp = unsigned char; _Alloc = std::allocator<unsigned char>]	32	static
../Core/Src/modbus.cpp:131:6:bool modbus::sentReq(std::vector<unsigned char>&)	32	static
../Core/Src/modbus.cpp:117:6:bool modbus::sentRes(std::vector<unsigned char>&)	0	static
C:\ST\STM32CubeIDE_1.12.0\STM32CubeIDE\plugins\com.st.stm32cube.ide.mcu.externaltools.gnu-tools-for-stm32.11.3.rel1.win32_1.1.0.202305231506\tools\bin/../lib/gcc/arm-none-eabi/11.3.1/../../../../arm-none-eabi/include/c++/11.3.1/bits/stl_algobase.h:420:2:static _Tp* std::__copy_move<_IsMove, true, std::random_access_iterator_tag>::__copy_m(const _Tp*, const _Tp*, _Tp*) [with _Tp = unsigned char; bool _IsMove = false]	8	static
C:\ST\STM32CubeIDE_1.12.0\STM32CubeIDE\plugins\com.st.stm32cube.ide.mcu.externaltools.gnu-tools-for-stm32.11.3.rel1.win32_1.1.0.202305231506\tools\bin/../lib/gcc/arm-none-eabi/11.3.1/../../../../arm-none-eabi/include/c++/11.3.1/bits/vector.tcc:198:5:std::vector<_Tp, _Alloc>& std::vector<_Tp, _Alloc>::operator=(const std::vector<_Tp, _Alloc>&) [with _Tp = unsigned char; _Alloc = std::allocator<unsigned char>]	24	static
../Core/Src/modbus.cpp:58:6:bool modbus::updateNow()	64	static
