../Core/Src/mosbus2serial.cpp:10:1:mosbus2serial::mosbus2serial(tcpsocket*, UART_HandleTypeDef*, uint8_t)	12	static
../Core/Src/mosbus2serial.cpp:29:6:void mosbus2serial::start()	0	static
../Core/Src/mosbus2serial.cpp:33:6:void mosbus2serial::stop()	0	static
../Core/Src/mosbus2serial.cpp:36:6:void mosbus2serial::config(uint16_t)	8	static
../Core/Src/mosbus2serial.cpp:78:6:void mosbus2serial::rsocket()	8	static
C:\ST\STM32CubeIDE_1.12.0\STM32CubeIDE\plugins\com.st.stm32cube.ide.mcu.externaltools.gnu-tools-for-stm32.11.3.rel1.win32_1.1.0.202305231506\tools\bin/../lib/gcc/arm-none-eabi/11.3.1/../../../../arm-none-eabi/include/c++/11.3.1/bits/stl_vector.h:333:7:std::_Vector_base<_Tp, _Alloc>::~_Vector_base() [with _Tp = unsigned char; _Alloc = std::allocator<unsigned char>]	8	static
../Core/Src/mosbus2serial.cpp:17:1:mosbus2serial::~mosbus2serial()	8	static
../Core/Src/mosbus2serial.cpp:17:1:virtual mosbus2serial::~mosbus2serial()	8	static
../Core/Src/mosbus2serial.cpp:84:6:bool mosbus2serial::chsocket()	32	static
C:\ST\STM32CubeIDE_1.12.0\STM32CubeIDE\plugins\com.st.stm32cube.ide.mcu.externaltools.gnu-tools-for-stm32.11.3.rel1.win32_1.1.0.202305231506\tools\bin/../lib/gcc/arm-none-eabi/11.3.1/../../../../arm-none-eabi/include/c++/11.3.1/bits/vector.tcc:426:7:) [with _Args = {const unsigned char&}; _Tp = unsigned char; _Alloc = std::allocator<unsigned char>]	40	static
C:\ST\STM32CubeIDE_1.12.0\STM32CubeIDE\plugins\com.st.stm32cube.ide.mcu.externaltools.gnu-tools-for-stm32.11.3.rel1.win32_1.1.0.202305231506\tools\bin/../lib/gcc/arm-none-eabi/11.3.1/../../../../arm-none-eabi/include/c++/11.3.1/bits/stl_vector.h:1187:7:void std::vector<_Tp, _Alloc>::push_back(const value_type&) [with _Tp = unsigned char; _Alloc = std::allocator<unsigned char>]	8	static
../Core/Src/mosbus2serial.cpp:21:6:void mosbus2serial::irq()	16	static
../Core/Src/mosbus2serial.cpp:42:6:bool mosbus2serial::refresh()	32	static
