../Core/Src/uservice.cpp:18:1:uservice::~uservice()	0	static
../Core/Src/uservice.cpp:18:1:virtual uservice::~uservice()	8	static
../Core/Src/uservice.cpp:187:6:void uservice::set_cs_flash()	0	static
../Core/Src/uservice.cpp:191:6:void uservice::deset_cs_flash()	0	static
C:\ST\STM32CubeIDE_1.12.0\STM32CubeIDE\plugins\com.st.stm32cube.ide.mcu.externaltools.gnu-tools-for-stm32.11.3.rel1.win32_1.1.0.202305231506\tools\arm-none-eabi\include\c++\11.3.1\bits\basic_string.tcc:206:7:void std::__cxx11::basic_string<_CharT, _Traits, _Alloc>::_M_construct(_InIterator, _InIterator, std::forward_iterator_tag) [with _FwdIterator = const char*; _CharT = char; _Traits = std::char_traits<char>; _Alloc = std::allocator<char>]	24	static
C:\ST\STM32CubeIDE_1.12.0\STM32CubeIDE\plugins\com.st.stm32cube.ide.mcu.externaltools.gnu-tools-for-stm32.11.3.rel1.win32_1.1.0.202305231506\tools\bin/../lib/gcc/arm-none-eabi/11.3.1/../../../../arm-none-eabi/include/c++/11.3.1/bits/basic_string.h:689:7:std::__cxx11::basic_string<_CharT, _Traits, _Alloc>& std::__cxx11::basic_string<_CharT, _Traits, _Alloc>::operator=(const _CharT*) [with _CharT = char; _Traits = std::char_traits<char>; _Alloc = std::allocator<char>]	24	static
C:\ST\STM32CubeIDE_1.12.0\STM32CubeIDE\plugins\com.st.stm32cube.ide.mcu.externaltools.gnu-tools-for-stm32.11.3.rel1.win32_1.1.0.202305231506\tools\bin/../lib/gcc/arm-none-eabi/11.3.1/../../../../arm-none-eabi/include/c++/11.3.1/bits/basic_string.h:717:7:std::__cxx11::basic_string<_CharT, _Traits, _Alloc>& std::__cxx11::basic_string<_CharT, _Traits, _Alloc>::operator=(std::__cxx11::basic_string<_CharT, _Traits, _Alloc>&&) [with _CharT = char; _Traits = std::char_traits<char>; _Alloc = std::allocator<char>]	16	static
C:\ST\STM32CubeIDE_1.12.0\STM32CubeIDE\plugins\com.st.stm32cube.ide.mcu.externaltools.gnu-tools-for-stm32.11.3.rel1.win32_1.1.0.202305231506\tools\bin/../lib/gcc/arm-none-eabi/11.3.1/../../../../arm-none-eabi/include/c++/11.3.1/bits/basic_string.h:6629:3:long unsigned int std::__cxx11::stoul(const string&, std::size_t*, int)	32	static
C:\ST\STM32CubeIDE_1.12.0\STM32CubeIDE\plugins\com.st.stm32cube.ide.mcu.externaltools.gnu-tools-for-stm32.11.3.rel1.win32_1.1.0.202305231506\tools\bin/../lib/gcc/arm-none-eabi/11.3.1/../../../../arm-none-eabi/include/c++/11.3.1/sstream:1043:7:std::__cxx11::basic_stringstream<_CharT, _Traits, _Alloc>::basic_stringstream(const __string_type&, std::ios_base::openmode) [with _CharT = char; _Traits = std::char_traits<char>; _Alloc = std::allocator<char>]	32	static
../Core/Src/uservice.cpp:159:6:void crc32_init_table()	12	static
../Core/Src/uservice.cpp:187:6:void uservice::set_cs_flash()	0	static
../Core/Src/uservice.cpp:191:6:void uservice::deset_cs_flash()	0	static
../Core/Src/uservice.cpp:194:6:void uservice::spi_r(uint8_t*, uint16_t)	0	static
../Core/Src/uservice.cpp:198:6:void uservice::spi_w(uint8_t*, uint16_t)	0	static
../Core/Src/uservice.cpp:201:9:uint8_t uservice::check_eflash_status()	16	static
../Core/Src/uservice.cpp:228:6:void uservice::waitforeflash()	8	static
../Core/Src/uservice.cpp:240:6:void uservice::read_eflash(uint8_t*, uint32_t*, uint8_t, uint16_t)	24	static
../Core/Src/uservice.cpp:172:6:bool uservice::checkcrc(uint32_t, uint32_t)	48	static
../Core/Src/uservice.cpp:251:6:void uservice::writeEnable_eflash()	16	static
../Core/Src/uservice.cpp:210:6:void uservice::Erase_eflash_sectors(uint32_t*, uint32_t*)	32	static
../Core/Src/uservice.cpp:257:6:void uservice::Erase_eflash()	16	static
../Core/Src/uservice.cpp:266:6:void uservice::writeDisable_eflash()	16	static
../Core/Src/uservice.cpp:274:6:void uservice::write_eflash(uint8_t*, uint32_t*)	272	static
../Core/Src/uservice.cpp:151:6:void uservice::flash(std::vector<unsigned char>&, uint32_t)	24	static
../Core/Src/uservice.cpp:291:9:uint8_t uservice::check_eflash()	24	static
../Core/Src/uservice.cpp:13:1:uservice::uservice(SPI_HandleTypeDef*)	8	static
C:\ST\STM32CubeIDE_1.12.0\STM32CubeIDE\plugins\com.st.stm32cube.ide.mcu.externaltools.gnu-tools-for-stm32.11.3.rel1.win32_1.1.0.202305231506\tools\bin/../lib/gcc/arm-none-eabi/11.3.1/../../../../arm-none-eabi/include/c++/11.3.1/bits/stl_vector.h:333:7:std::_Vector_base<_Tp, _Alloc>::~_Vector_base() [with _Tp = unsigned char; _Alloc = std::allocator<unsigned char>]	8	static
C:\ST\STM32CubeIDE_1.12.0\STM32CubeIDE\plugins\com.st.stm32cube.ide.mcu.externaltools.gnu-tools-for-stm32.11.3.rel1.win32_1.1.0.202305231506\tools\bin/../lib/gcc/arm-none-eabi/11.3.1/../../../../arm-none-eabi/include/c++/11.3.1/bits/vector.tcc:426:7:) [with _Args = {const unsigned char&}; _Tp = unsigned char; _Alloc = std::allocator<unsigned char>]	40	static
../Core/Src/uservice.cpp:20:22:std::vector<unsigned char> hexStringToByteArray(const string&)	48	static
../Core/Src/uservice.cpp:36:23:uservice::decodePkg_t uservice::decode(std::string&)	320	static
../Core/Src/uservice.cpp:91:6:void uservice::ex(std::string&, httpRes&)	328	static
